------ Test: aggregate
Aggregate: x => (sum(x), max(x)(using Int))
------ end

------ Test: expr boolean
Select: x => (!(x == 1) && false)
------ end

------ Test: expr functions
Select: x => some(seq(x, 1))
------ end

------ Test: expr string functions
Select: x => x.trim()
------ end

------ Test: map option outer reference
Select: x => (case when !(some(x) == None) then some((some(x).get < x)) else None)
------ end

------ Test: map seq outer reference
Select: x => fromRepr(seq(x, x + 1).map(x1 => (x1 < x)))
------ end

------ Test: read
ReadPath: path=/tmp/test, format=Parquet, unpivot=false, filenameGlobFilter=*
------ end

------ Test: read+filter
Filter: x => (x < 10)
    ReadPath: path=/tmp/test, format=Parquet, unpivot=false, filenameGlobFilter=*
------ end

------ Test: read+select+filter+join
Join: (l, r) => (l._1 == r._1)
    Select: x => (x, (x == 1))
        ReadPath: path=/tmp/test, format=Parquet, unpivot=false, filenameGlobFilter=*
    Filter: x => (x._2 < 1)
        ReadPath: path=/tmp/right, format=Parquet, unpivot=false, filenameGlobFilter=*
------ end

------ Test: ternary
Select: x => (case when (x < 10) then x else 0)
------ end
