------ Test: aggregate
== Parsed Logical Plan ==
Project [tmp#1.key AS key#2, tmp#1.count AS count#3, tmp#1.min AS min#4]
+- Project [struct(key, struct(_1, struct(key, _1#5), _2, agg#6)._1.key, count, struct(_1, struct(key, _1#5), _2, agg#6)._2.count, min, struct(_1, struct(key, _1#5), _2, agg#6)._2.min) AS tmp#1]
   +- Aggregate [_1#7], [_1#7 AS _1#5, struct(count, count(1), min, min(_1#7)) AS agg#6]
      +- Project [tmp#8._1 AS _1#7, tmp#8._2 AS _2#9]
         +- Project [struct(_1, struct(the cake is a lie 🎂, null), _2, struct(_1, _1#10, _2, _2#11))._2 AS tmp#8]
            +- SubqueryAlias golden_test_t1
               +- View (`golden_test_t1`, [_1#10, _2#11])
                  +- LocalRelation [_1#10, _2#11]

== Analyzed Logical Plan ==
key: int, count: bigint, min: int
Project [tmp#1.key AS key#2, tmp#1.count AS count#3, tmp#1.min AS min#4]
+- Project [struct(key, struct(_1, struct(key, _1#5), _2, agg#6)._1.key, count, struct(_1, struct(key, _1#5), _2, agg#6)._2.count, min, struct(_1, struct(key, _1#5), _2, agg#6)._2.min) AS tmp#1]
   +- Aggregate [_1#7], [_1#7 AS _1#5, struct(count, count(1), min, min(_1#7)) AS agg#6]
      +- Project [tmp#8._1 AS _1#7, tmp#8._2 AS _2#9]
         +- Project [struct(_1, struct(the cake is a lie 🎂, null), _2, struct(_1, _1#10, _2, _2#11))._2 AS tmp#8]
            +- SubqueryAlias golden_test_t1
               +- View (`golden_test_t1`, [_1#10, _2#11])
                  +- LocalRelation [_1#10, _2#11]

== Optimized Logical Plan ==
Project [_1#7 AS key#2, agg#6.count AS count#3, agg#6.min AS min#4]
+- Aggregate [_1#7], [_1#7, struct(count, count(1), min, min(_1#7)) AS agg#6]
   +- LocalRelation [_1#7]

== Physical Plan ==
AdaptiveSparkPlan isFinalPlan=false
+- Project [_1#7 AS key#2, agg#6.count AS count#3, agg#6.min AS min#4]
   +- HashAggregate(keys=[_1#7], functions=[count(1), min(_1#7)], output=[_1#7, agg#6])
      +- Exchange hashpartitioning(_1#7, 1), ENSURE_REQUIREMENTS, [plan_id=1]
         +- HashAggregate(keys=[_1#7], functions=[partial_count(1), partial_min(_1#7)], output=[_1#7, count#12, min#13])
            +- LocalTableScan [_1#7]

------ end

------ Test: except
== Parsed Logical Plan ==
Deduplicate [_1#1, _2#2]
+- Project [tmp#3._1 AS _1#1, tmp#3._2 AS _2#2]
   +- Project [struct(_1, _1#4, _2, _2#5) AS tmp#3]
      +- Join LeftAnti, (cast(struct(_1, _1#4, _2, _2#5) as struct<_1:int,_2:string>) = cast(struct(_1, _1#6, _2, _2#7) as struct<_1:int,_2:string>))
         :- Project [tmp#8._1 AS _1#4, tmp#8._2 AS _2#5]
         :  +- Project [struct(_1, struct(the cake is a lie 🎂, null), _2, struct(_1, _1#9, _2, _2#10))._2 AS tmp#8]
         :     +- SubqueryAlias golden_test_t1
         :        +- View (`golden_test_t1`, [_1#9, _2#10])
         :           +- LocalRelation [_1#9, _2#10]
         +- Project [tmp#11._1 AS _1#6, tmp#11._2 AS _2#7]
            +- Project [struct(_1, struct(the cake is a lie 🎂, null), _2, struct(_1, _1#12, _2, _2#13))._2 AS tmp#11]
               +- SubqueryAlias golden_test_t2
                  +- View (`golden_test_t2`, [_1#12, _2#13])
                     +- LocalRelation [_1#12, _2#13]

== Analyzed Logical Plan ==
_1: int, _2: string
Deduplicate [_1#1, _2#2]
+- Project [tmp#3._1 AS _1#1, tmp#3._2 AS _2#2]
   +- Project [struct(_1, _1#4, _2, _2#5) AS tmp#3]
      +- Join LeftAnti, (cast(struct(_1, _1#4, _2, _2#5) as struct<_1:int,_2:string>) = cast(struct(_1, _1#6, _2, _2#7) as struct<_1:int,_2:string>))
         :- Project [tmp#8._1 AS _1#4, tmp#8._2 AS _2#5]
         :  +- Project [struct(_1, struct(the cake is a lie 🎂, null), _2, struct(_1, _1#9, _2, _2#10))._2 AS tmp#8]
         :     +- SubqueryAlias golden_test_t1
         :        +- View (`golden_test_t1`, [_1#9, _2#10])
         :           +- LocalRelation [_1#9, _2#10]
         +- Project [tmp#11._1 AS _1#6, tmp#11._2 AS _2#7]
            +- Project [struct(_1, struct(the cake is a lie 🎂, null), _2, struct(_1, _1#12, _2, _2#13))._2 AS tmp#11]
               +- SubqueryAlias golden_test_t2
                  +- View (`golden_test_t2`, [_1#12, _2#13])
                     +- LocalRelation [_1#12, _2#13]

== Optimized Logical Plan ==
Aggregate [_1#4, _2#5], [_1#4, _2#5]
+- Join LeftAnti, (struct(_1, _1#4, _2, _2#5) = struct(_1, _1#6, _2, _2#7))
   :- LocalRelation [_1#4, _2#5]
   +- LocalRelation [_1#6, _2#7]

== Physical Plan ==
AdaptiveSparkPlan isFinalPlan=false
+- HashAggregate(keys=[_1#4, _2#5], functions=[], output=[_1#4, _2#5])
   +- Exchange hashpartitioning(_1#4, _2#5, 1), ENSURE_REQUIREMENTS, [plan_id=1]
      +- HashAggregate(keys=[_1#4, _2#5], functions=[], output=[_1#4, _2#5])
         +- BroadcastHashJoin [struct(_1, _1#4, _2, _2#5)], [struct(_1, _1#6, _2, _2#7)], LeftAnti, BuildRight, false
            :- LocalTableScan [_1#4, _2#5]
            +- BroadcastExchange HashedRelationBroadcastMode(List(struct(_1, input[0, int, false], _2, input[1, string, true])),false), [plan_id=2]
               +- LocalTableScan [_1#6, _2#7]

------ end

------ Test: explode option
== Parsed Logical Plan ==
Project [opt1#1 AS value#2]
+- Filter NOT isnull(opt1#1)
   +- Project [tmp#3.opt1 AS opt1#1, tmp#3.opt2 AS opt2#4]
      +- Project [struct(_1, struct(the cake is a lie 🎂, null), _2, struct(opt1, opt1#5, opt2, opt2#6))._2 AS tmp#3]
         +- SubqueryAlias golden_test_t6
            +- View (`golden_test_t6`, [opt1#5, opt2#6])
               +- LocalRelation [opt1#5, opt2#6]

== Analyzed Logical Plan ==
value: int
Project [opt1#1 AS value#2]
+- Filter NOT isnull(opt1#1)
   +- Project [tmp#3.opt1 AS opt1#1, tmp#3.opt2 AS opt2#4]
      +- Project [struct(_1, struct(the cake is a lie 🎂, null), _2, struct(opt1, opt1#5, opt2, opt2#6))._2 AS tmp#3]
         +- SubqueryAlias golden_test_t6
            +- View (`golden_test_t6`, [opt1#5, opt2#6])
               +- LocalRelation [opt1#5, opt2#6]

== Optimized Logical Plan ==
LocalRelation [value#2]

== Physical Plan ==
LocalTableScan [value#2]

------ end

------ Test: explode option multiple
== Parsed Logical Plan ==
Project [opt1#1 AS _1#2, opt2#3 AS _2#4]
+- Filter (NOT isnull(opt1#1) AND NOT isnull(opt2#3))
   +- Project [tmp#5.opt1 AS opt1#1, tmp#5.opt2 AS opt2#3]
      +- Project [struct(_1, struct(the cake is a lie 🎂, null), _2, struct(opt1, opt1#6, opt2, opt2#7))._2 AS tmp#5]
         +- SubqueryAlias golden_test_t6
            +- View (`golden_test_t6`, [opt1#6, opt2#7])
               +- LocalRelation [opt1#6, opt2#7]

== Analyzed Logical Plan ==
_1: int, _2: int
Project [opt1#1 AS _1#2, opt2#3 AS _2#4]
+- Filter (NOT isnull(opt1#1) AND NOT isnull(opt2#3))
   +- Project [tmp#5.opt1 AS opt1#1, tmp#5.opt2 AS opt2#3]
      +- Project [struct(_1, struct(the cake is a lie 🎂, null), _2, struct(opt1, opt1#6, opt2, opt2#7))._2 AS tmp#5]
         +- SubqueryAlias golden_test_t6
            +- View (`golden_test_t6`, [opt1#6, opt2#7])
               +- LocalRelation [opt1#6, opt2#7]

== Optimized Logical Plan ==
LocalRelation [_1#2, _2#4]

== Physical Plan ==
LocalTableScan [_1#2, _2#4]

------ end

------ Test: join
== Parsed Logical Plan ==
Project [tmp#1._1 AS _1#2, tmp#1._2 AS _2#3]
+- Project [struct(_1, struct(_1, _1#4, _2, _2#5), _2, struct(_1, _1#6, _2, _2#7)) AS tmp#1]
   +- Join Inner, (_1#4 = _1#6)
      :- Project [tmp#8._1 AS _1#4, tmp#8._2 AS _2#5]
      :  +- Project [struct(_1, struct(the cake is a lie 🎂, null), _2, struct(_1, _1#9, _2, _2#10))._2 AS tmp#8]
      :     +- SubqueryAlias golden_test_t1
      :        +- View (`golden_test_t1`, [_1#9, _2#10])
      :           +- LocalRelation [_1#9, _2#10]
      +- Project [tmp#11._1 AS _1#6, tmp#11._2 AS _2#7]
         +- Project [struct(_1, struct(the cake is a lie 🎂, null), _2, struct(_1, _1#12, _2, _2#13))._2 AS tmp#11]
            +- SubqueryAlias golden_test_t2
               +- View (`golden_test_t2`, [_1#12, _2#13])
                  +- LocalRelation [_1#12, _2#13]

== Analyzed Logical Plan ==
_1: struct<_1:int,_2:string>, _2: struct<_1:int,_2:string>
Project [tmp#1._1 AS _1#2, tmp#1._2 AS _2#3]
+- Project [struct(_1, struct(_1, _1#4, _2, _2#5), _2, struct(_1, _1#6, _2, _2#7)) AS tmp#1]
   +- Join Inner, (_1#4 = _1#6)
      :- Project [tmp#8._1 AS _1#4, tmp#8._2 AS _2#5]
      :  +- Project [struct(_1, struct(the cake is a lie 🎂, null), _2, struct(_1, _1#9, _2, _2#10))._2 AS tmp#8]
      :     +- SubqueryAlias golden_test_t1
      :        +- View (`golden_test_t1`, [_1#9, _2#10])
      :           +- LocalRelation [_1#9, _2#10]
      +- Project [tmp#11._1 AS _1#6, tmp#11._2 AS _2#7]
         +- Project [struct(_1, struct(the cake is a lie 🎂, null), _2, struct(_1, _1#12, _2, _2#13))._2 AS tmp#11]
            +- SubqueryAlias golden_test_t2
               +- View (`golden_test_t2`, [_1#12, _2#13])
                  +- LocalRelation [_1#12, _2#13]

== Optimized Logical Plan ==
Project [tmp#1._1 AS _1#2, tmp#1._2 AS _2#3]
+- Project [struct(_1, struct(_1, _1#4, _2, _2#5), _2, struct(_1, _1#6, _2, _2#7)) AS tmp#1]
   +- Join Inner, (_1#4 = _1#6)
      :- LocalRelation [_1#4, _2#5]
      +- LocalRelation [_1#6, _2#7]

== Physical Plan ==
AdaptiveSparkPlan isFinalPlan=false
+- Project [tmp#1._1 AS _1#2, tmp#1._2 AS _2#3]
   +- Project [struct(_1, struct(_1, _1#4, _2, _2#5), _2, struct(_1, _1#6, _2, _2#7)) AS tmp#1]
      +- BroadcastHashJoin [_1#4], [_1#6], Inner, BuildRight, false
         :- LocalTableScan [_1#4, _2#5]
         +- BroadcastExchange HashedRelationBroadcastMode(List(cast(input[0, int, false] as bigint)),false), [plan_id=1]
            +- LocalTableScan [_1#6, _2#7]

------ end

------ Test: multiple joins
== Parsed Logical Plan ==
Project [tmp#1._1 AS _1#2, tmp#1._2 AS _2#3]
+- Project [struct(_1, struct(_1, struct(_1, _1#4, _2, _2#5), _2, struct(_1, _1#6, _2, _2#7)), _2, struct(_1, _1#8, _2, _2#9)) AS tmp#1]
   +- Join Inner, (struct(_1, struct(_1, _1#4, _2, _2#5), _2, struct(_1, _1#6, _2, _2#7))._1._1 = _1#8)
      :- Join Inner, (_1#4 = _1#6)
      :  :- Project [tmp#10._1 AS _1#4, tmp#10._2 AS _2#5]
      :  :  +- Project [struct(_1, struct(the cake is a lie 🎂, null), _2, struct(_1, _1#11, _2, _2#12))._2 AS tmp#10]
      :  :     +- SubqueryAlias golden_test_t1
      :  :        +- View (`golden_test_t1`, [_1#11, _2#12])
      :  :           +- LocalRelation [_1#11, _2#12]
      :  +- Project [tmp#13._1 AS _1#6, tmp#13._2 AS _2#7]
      :     +- Project [struct(_1, struct(the cake is a lie 🎂, null), _2, struct(_1, _1#14, _2, _2#15))._2 AS tmp#13]
      :        +- SubqueryAlias golden_test_t2
      :           +- View (`golden_test_t2`, [_1#14, _2#15])
      :              +- LocalRelation [_1#14, _2#15]
      +- Project [tmp#16._1 AS _1#8, tmp#16._2 AS _2#9]
         +- Project [struct(_1, struct(the cake is a lie 🎂, null), _2, struct(_1, _1#17, _2, _2#18))._2 AS tmp#16]
            +- SubqueryAlias golden_test_t3
               +- View (`golden_test_t3`, [_1#17, _2#18])
                  +- LocalRelation [_1#17, _2#18]

== Analyzed Logical Plan ==
_1: struct<_1:struct<_1:int,_2:string>,_2:struct<_1:int,_2:string>>, _2: struct<_1:int,_2:string>
Project [tmp#1._1 AS _1#2, tmp#1._2 AS _2#3]
+- Project [struct(_1, struct(_1, struct(_1, _1#4, _2, _2#5), _2, struct(_1, _1#6, _2, _2#7)), _2, struct(_1, _1#8, _2, _2#9)) AS tmp#1]
   +- Join Inner, (struct(_1, struct(_1, _1#4, _2, _2#5), _2, struct(_1, _1#6, _2, _2#7))._1._1 = _1#8)
      :- Join Inner, (_1#4 = _1#6)
      :  :- Project [tmp#10._1 AS _1#4, tmp#10._2 AS _2#5]
      :  :  +- Project [struct(_1, struct(the cake is a lie 🎂, null), _2, struct(_1, _1#11, _2, _2#12))._2 AS tmp#10]
      :  :     +- SubqueryAlias golden_test_t1
      :  :        +- View (`golden_test_t1`, [_1#11, _2#12])
      :  :           +- LocalRelation [_1#11, _2#12]
      :  +- Project [tmp#13._1 AS _1#6, tmp#13._2 AS _2#7]
      :     +- Project [struct(_1, struct(the cake is a lie 🎂, null), _2, struct(_1, _1#14, _2, _2#15))._2 AS tmp#13]
      :        +- SubqueryAlias golden_test_t2
      :           +- View (`golden_test_t2`, [_1#14, _2#15])
      :              +- LocalRelation [_1#14, _2#15]
      +- Project [tmp#16._1 AS _1#8, tmp#16._2 AS _2#9]
         +- Project [struct(_1, struct(the cake is a lie 🎂, null), _2, struct(_1, _1#17, _2, _2#18))._2 AS tmp#16]
            +- SubqueryAlias golden_test_t3
               +- View (`golden_test_t3`, [_1#17, _2#18])
                  +- LocalRelation [_1#17, _2#18]

== Optimized Logical Plan ==
Project [tmp#1._1 AS _1#2, tmp#1._2 AS _2#3]
+- Project [struct(_1, struct(_1, struct(_1, _1#4, _2, _2#5), _2, struct(_1, _1#6, _2, _2#7)), _2, struct(_1, _1#8, _2, _2#9)) AS tmp#1]
   +- Join Inner, (_1#4 = _1#8)
      :- Join Inner, (_1#4 = _1#6)
      :  :- LocalRelation [_1#4, _2#5]
      :  +- LocalRelation [_1#6, _2#7]
      +- LocalRelation [_1#8, _2#9]

== Physical Plan ==
AdaptiveSparkPlan isFinalPlan=false
+- Project [tmp#1._1 AS _1#2, tmp#1._2 AS _2#3]
   +- Project [struct(_1, struct(_1, struct(_1, _1#4, _2, _2#5), _2, struct(_1, _1#6, _2, _2#7)), _2, struct(_1, _1#8, _2, _2#9)) AS tmp#1]
      +- BroadcastHashJoin [_1#4], [_1#8], Inner, BuildRight, false
         :- BroadcastHashJoin [_1#4], [_1#6], Inner, BuildRight, false
         :  :- LocalTableScan [_1#4, _2#5]
         :  +- BroadcastExchange HashedRelationBroadcastMode(List(cast(input[0, int, false] as bigint)),false), [plan_id=1]
         :     +- LocalTableScan [_1#6, _2#7]
         +- BroadcastExchange HashedRelationBroadcastMode(List(cast(input[0, int, false] as bigint)),false), [plan_id=2]
            +- LocalTableScan [_1#8, _2#9]

------ end

------ Test: project
== Parsed Logical Plan ==
Project [tmp#1.string AS string#2]
+- Project [struct(string, string#3) AS tmp#1]
   +- Project [tmp#4.integer AS integer#5, tmp#4.string AS string#3]
      +- Project [struct(_1, struct(the cake is a lie 🎂, null), _2, struct(integer, integer#6, string, string#7))._2 AS tmp#4]
         +- SubqueryAlias golden_test_t4
            +- View (`golden_test_t4`, [integer#6, string#7])
               +- LocalRelation [integer#6, string#7]

== Analyzed Logical Plan ==
string: string
Project [tmp#1.string AS string#2]
+- Project [struct(string, string#3) AS tmp#1]
   +- Project [tmp#4.integer AS integer#5, tmp#4.string AS string#3]
      +- Project [struct(_1, struct(the cake is a lie 🎂, null), _2, struct(integer, integer#6, string, string#7))._2 AS tmp#4]
         +- SubqueryAlias golden_test_t4
            +- View (`golden_test_t4`, [integer#6, string#7])
               +- LocalRelation [integer#6, string#7]

== Optimized Logical Plan ==
LocalRelation [string#2]

== Physical Plan ==
LocalTableScan [string#2]

------ end

------ Test: project in select
== Parsed Logical Plan ==
Project [struct(string, string#1).string AS value#2]
+- Project [tmp#3.integer AS integer#4, tmp#3.string AS string#1]
   +- Project [struct(_1, struct(the cake is a lie 🎂, null), _2, struct(integer, integer#5, string, string#6))._2 AS tmp#3]
      +- SubqueryAlias golden_test_t4
         +- View (`golden_test_t4`, [integer#5, string#6])
            +- LocalRelation [integer#5, string#6]

== Analyzed Logical Plan ==
value: string
Project [struct(string, string#1).string AS value#2]
+- Project [tmp#3.integer AS integer#4, tmp#3.string AS string#1]
   +- Project [struct(_1, struct(the cake is a lie 🎂, null), _2, struct(integer, integer#5, string, string#6))._2 AS tmp#3]
      +- SubqueryAlias golden_test_t4
         +- View (`golden_test_t4`, [integer#5, string#6])
            +- LocalRelation [integer#5, string#6]

== Optimized Logical Plan ==
LocalRelation [value#2]

== Physical Plan ==
LocalTableScan [value#2]

------ end

------ Test: read table
== Parsed Logical Plan ==
Project [tmp#1._1 AS _1#2, tmp#1._2 AS _2#3]
+- Project [struct(_1, struct(the cake is a lie 🎂, null), _2, struct(_1, _1#4, _2, _2#5))._2 AS tmp#1]
   +- SubqueryAlias golden_test_t1
      +- View (`golden_test_t1`, [_1#4, _2#5])
         +- LocalRelation [_1#4, _2#5]

== Analyzed Logical Plan ==
_1: int, _2: string
Project [tmp#1._1 AS _1#2, tmp#1._2 AS _2#3]
+- Project [struct(_1, struct(the cake is a lie 🎂, null), _2, struct(_1, _1#4, _2, _2#5))._2 AS tmp#1]
   +- SubqueryAlias golden_test_t1
      +- View (`golden_test_t1`, [_1#4, _2#5])
         +- LocalRelation [_1#4, _2#5]

== Optimized Logical Plan ==
LocalRelation [_1#2, _2#3]

== Physical Plan ==
LocalTableScan [_1#2, _2#3]

------ end

------ Test: select in select
== Parsed Logical Plan ==
Project [_2#1 AS value#2]
+- Project [tmp#3._1 AS _1#4, tmp#3._2 AS _2#1]
   +- Project [struct(_1, struct(the cake is a lie 🎂, null), _2, struct(_1, _1#5, _2, _2#6))._2 AS tmp#3]
      +- SubqueryAlias golden_test_t1
         +- View (`golden_test_t1`, [_1#5, _2#6])
            +- LocalRelation [_1#5, _2#6]

== Analyzed Logical Plan ==
value: string
Project [_2#1 AS value#2]
+- Project [tmp#3._1 AS _1#4, tmp#3._2 AS _2#1]
   +- Project [struct(_1, struct(the cake is a lie 🎂, null), _2, struct(_1, _1#5, _2, _2#6))._2 AS tmp#3]
      +- SubqueryAlias golden_test_t1
         +- View (`golden_test_t1`, [_1#5, _2#6])
            +- LocalRelation [_1#5, _2#6]

== Optimized Logical Plan ==
LocalRelation [value#2]

== Physical Plan ==
LocalTableScan [value#2]

------ end

------ Test: union
== Parsed Logical Plan ==
Union false, false
:- Project [tmp#1._1 AS _1#2, tmp#1._2 AS _2#3]
:  +- Project [struct(_1, struct(the cake is a lie 🎂, null), _2, struct(_1, _1#4, _2, _2#5))._2 AS tmp#1]
:     +- SubqueryAlias golden_test_t1
:        +- View (`golden_test_t1`, [_1#4, _2#5])
:           +- LocalRelation [_1#4, _2#5]
+- Project [_1#6, _2#7]
   +- Project [tmp#8._1 AS _1#6, tmp#8._2 AS _2#7]
      +- Project [struct(_1, struct(the cake is a lie 🎂, null), _2, struct(_1, _1#9, _2, _2#10))._2 AS tmp#8]
         +- SubqueryAlias golden_test_t2
            +- View (`golden_test_t2`, [_1#9, _2#10])
               +- LocalRelation [_1#9, _2#10]

== Analyzed Logical Plan ==
_1: int, _2: string
Union false, false
:- Project [tmp#1._1 AS _1#2, tmp#1._2 AS _2#3]
:  +- Project [struct(_1, struct(the cake is a lie 🎂, null), _2, struct(_1, _1#4, _2, _2#5))._2 AS tmp#1]
:     +- SubqueryAlias golden_test_t1
:        +- View (`golden_test_t1`, [_1#4, _2#5])
:           +- LocalRelation [_1#4, _2#5]
+- Project [_1#6, _2#7]
   +- Project [tmp#8._1 AS _1#6, tmp#8._2 AS _2#7]
      +- Project [struct(_1, struct(the cake is a lie 🎂, null), _2, struct(_1, _1#9, _2, _2#10))._2 AS tmp#8]
         +- SubqueryAlias golden_test_t2
            +- View (`golden_test_t2`, [_1#9, _2#10])
               +- LocalRelation [_1#9, _2#10]

== Optimized Logical Plan ==
Union false, false
:- LocalRelation [_1#2, _2#3]
+- LocalRelation [_1#6, _2#7]

== Physical Plan ==
Union
:- LocalTableScan [_1#2, _2#3]
+- LocalTableScan [_1#6, _2#7]

------ end

------ Test: use typed api for map and flatMap
== Parsed Logical Plan ==
'SerializeFromObject [input[0, int, false] AS value#1]
+- 'MapElements com.choreograph.tyda.spark.DatasetOnSparkGoldenExplainSuite$$Lambda/0x1, int, [StructField(value,IntegerType,false)], obj#2: int
   +- 'DeserializeToObject unresolveddeserializer(assertnotnull(upcast(getcolumnbyordinal(0, IntegerType), IntegerType, - root class: "int"))), obj#3: int
      +- SerializeFromObject [input[0, int, false] AS value#4]
         +- MapPartitions org.apache.spark.sql.internal.UDFAdaptors$$$Lambda/0x2, obj#5: int
            +- DeserializeToObject newInstance(class com.choreograph.tyda.spark.DatasetOnSparkGoldenExplainSuite$SeqAndInt), obj#6: com.choreograph.tyda.spark.DatasetOnSparkGoldenExplainSuite$SeqAndInt
               +- Project [tmp#7.seq AS seq#8, tmp#7.integer AS integer#9]
                  +- Project [struct(_1, struct(the cake is a lie 🎂, null), _2, struct(seq, seq#10, integer, integer#11))._2 AS tmp#7]
                     +- SubqueryAlias golden_test_t5
                        +- View (`golden_test_t5`, [seq#10, integer#11])
                           +- LocalRelation [seq#10, integer#11]

== Analyzed Logical Plan ==
value: int
SerializeFromObject [input[0, int, false] AS value#1]
+- MapElements com.choreograph.tyda.spark.DatasetOnSparkGoldenExplainSuite$$Lambda/0x1, int, [StructField(value,IntegerType,false)], obj#2: int
   +- DeserializeToObject assertnotnull(cast(value#4 as int)), obj#3: int
      +- SerializeFromObject [input[0, int, false] AS value#4]
         +- MapPartitions org.apache.spark.sql.internal.UDFAdaptors$$$Lambda/0x2, obj#5: int
            +- DeserializeToObject newInstance(class com.choreograph.tyda.spark.DatasetOnSparkGoldenExplainSuite$SeqAndInt), obj#6: com.choreograph.tyda.spark.DatasetOnSparkGoldenExplainSuite$SeqAndInt
               +- Project [tmp#7.seq AS seq#8, tmp#7.integer AS integer#9]
                  +- Project [struct(_1, struct(the cake is a lie 🎂, null), _2, struct(seq, seq#10, integer, integer#11))._2 AS tmp#7]
                     +- SubqueryAlias golden_test_t5
                        +- View (`golden_test_t5`, [seq#10, integer#11])
                           +- LocalRelation [seq#10, integer#11]

== Optimized Logical Plan ==
SerializeFromObject [input[0, int, false] AS value#1]
+- MapElements com.choreograph.tyda.spark.DatasetOnSparkGoldenExplainSuite$$Lambda/0x1, int, [StructField(value,IntegerType,false)], obj#2: int
   +- MapPartitions org.apache.spark.sql.internal.UDFAdaptors$$$Lambda/0x2, obj#5: int
      +- DeserializeToObject newInstance(class com.choreograph.tyda.spark.DatasetOnSparkGoldenExplainSuite$SeqAndInt), obj#6: com.choreograph.tyda.spark.DatasetOnSparkGoldenExplainSuite$SeqAndInt
         +- LocalRelation [seq#8, integer#9]

== Physical Plan ==
*(1) SerializeFromObject [input[0, int, false] AS value#1]
+- *(1) MapElements com.choreograph.tyda.spark.DatasetOnSparkGoldenExplainSuite$$Lambda/0x1, obj#2: int
   +- MapPartitions org.apache.spark.sql.internal.UDFAdaptors$$$Lambda/0x2, obj#5: int
      +- DeserializeToObject newInstance(class com.choreograph.tyda.spark.DatasetOnSparkGoldenExplainSuite$SeqAndInt), obj#6: com.choreograph.tyda.spark.DatasetOnSparkGoldenExplainSuite$SeqAndInt
         +- LocalTableScan [seq#8, integer#9]

------ end
